Mono path[0] = '/home/dorian/projects/rimworld/_RimWorld-Agent/RimWorldLinux_Data/Managed'
Mono config path = '/home/dorian/projects/rimworld/_RimWorld-Agent/RimWorldLinux_Data/MonoBleedingEdge/etc'
Preloaded 'lib_burst_generated.so'
Preloaded 'libsteam_api.so'
Display 0 'eDP-1 14"': 2560x1600 (primary device).
[PhysX] Initialized MultithreadedTaskDispatcher with 16 workers.
Desktop is 2560 x 1600 @ 120 Hz
ATTENTION: default value of option vblank_mode overridden by environment.
Initialize engine version: 2022.3.35f1 (011206c7a712)
[Subsystems] Discovering subsystems at path /home/dorian/projects/rimworld/_RimWorld-Agent/RimWorldLinux_Data/UnitySubsystems
GfxDevice: creating device client; threaded=1; jobified=0
Renderer: AMD Radeon RX 6700S (radeonsi, navi23, ACO, DRM 3.64, 6.18.29-1-lts)
Vendor:   AMD
Version:  4.6 (Core Profile) Mesa 26.0.6-arch1.1
GLES:     0
 GL_AMD_conservative_depth GL_AMD_depth_clamp_separate GL_AMD_draw_buffers_blend GL_AMD_framebuffer_multisample_advanced GL_AMD_gpu_shader_int64 GL_AMD_multi_draw_indirect GL_AMD_performance_monitor GL_AMD_pinned_memory GL_AMD_query_buffer_object GL_AMD_seamless_cubemap_per_texture GL_AMD_shader_stencil_export GL_AMD_shader_trinary_minmax GL_AMD_texture_texture4 GL_AMD_vertex_shader_layer GL_AMD_vertex_shader_viewport_index GL_ANGLE_texture_compression_dxt3 GL_ANGLE_texture_compression_dxt5 GL_ARB_ES2_compatibility GL_ARB_ES3_1_compatibility GL_ARB_ES3_2_compatibility GL_ARB_ES3_compatibility GL_ARB_arrays_of_arrays GL_ARB_base_instance GL_ARB_bindless_texture GL_ARB_blend_func_extended GL_ARB_buffer_storage GL_ARB_clear_buffer_object GL_ARB_clear_texture GL_ARB_clip_control GL_ARB_color_buffer_float GL_ARB_compressed_texture_pixel_storage GL_ARB_compute_shader GL_ARB_compute_variable_group_size GL_ARB_conditional_render_inverted GL_ARB_conservative_depth GL_ARB_copy_buffer GL_ARB_copy_image GL_ARB_cull_dist
ance GL_ARB_debug_output GL_ARB_depth_buffer_float GL_ARB_depth_clamp GL_ARB_derivative_control GL_ARB_direct_state_access GL_ARB_draw_buffers GL_ARB_draw_buffers_blend GL_ARB_draw_elements_base_vertex GL_ARB_draw_indirect GL_ARB_draw_instanced GL_ARB_enhanced_layouts GL_ARB_explicit_attrib_location GL_ARB_explicit_uniform_location GL_ARB_fragment_coord_conventions GL_ARB_fragment_layer_viewport GL_ARB_fragment_shader GL_ARB_framebuffer_no_attachments GL_ARB_framebuffer_object GL_ARB_framebuffer_sRGB GL_ARB_get_program_binary GL_ARB_get_texture_sub_image GL_ARB_gl_spirv GL_ARB_gpu_shader5 GL_ARB_gpu_shader_fp64 GL_ARB_gpu_shader_int64 GL_ARB_half_float_pixel GL_ARB_half_float_vertex GL_ARB_indirect_parameters GL_ARB_instanced_arrays GL_ARB_internalformat_query GL_ARB_internalformat_query2 GL_ARB_invalidate_subdata GL_ARB_map_buffer_alignment GL_ARB_map_buffer_range GL_ARB_multi_bind GL_ARB_multi_draw_indirect GL_ARB_occlusion_query2 GL_ARB_parallel_shader_compile GL_ARB_pipeline_statistics_query GL_ARB_pixel
_buffer_object GL_ARB_point_sprite GL_ARB_polygon_offset_clamp GL_ARB_post_depth_coverage GL_ARB_program_interface_query GL_ARB_provoking_vertex GL_ARB_query_buffer_object GL_ARB_robust_buffer_access_behavior GL_ARB_robustness GL_ARB_sample_shading GL_ARB_sampler_objects GL_ARB_seamless_cube_map GL_ARB_seamless_cubemap_per_texture GL_ARB_separate_shader_objects GL_ARB_shader_atomic_counter_ops GL_ARB_shader_atomic_counters GL_ARB_shader_ballot GL_ARB_shader_bit_encoding GL_ARB_shader_clock GL_ARB_shader_draw_parameters GL_ARB_shader_group_vote GL_ARB_shader_image_load_store GL_ARB_shader_image_size GL_ARB_shader_objects GL_ARB_shader_precision GL_ARB_shader_stencil_export GL_ARB_shader_storage_buffer_object GL_ARB_shader_subroutine GL_ARB_shader_texture_image_samples GL_ARB_shader_texture_lod GL_ARB_shader_viewport_layer_array GL_ARB_shading_language_420pack GL_ARB_shading_language_include GL_ARB_shading_language_packing GL_ARB_sparse_buffer GL_ARB_sparse_texture GL_ARB_sparse_texture2 GL_ARB_sparse_texture_
clamp GL_ARB_spirv_extensions GL_ARB_stencil_texturing GL_ARB_sync GL_ARB_tessellation_shader GL_ARB_texture_barrier GL_ARB_texture_border_clamp GL_ARB_texture_buffer_object GL_ARB_texture_buffer_object_rgb32 GL_ARB_texture_buffer_range GL_ARB_texture_compression_bptc GL_ARB_texture_compression_rgtc GL_ARB_texture_cube_map_array GL_ARB_texture_filter_anisotropic GL_ARB_texture_filter_minmax GL_ARB_texture_float GL_ARB_texture_gather GL_ARB_texture_mirror_clamp_to_edge GL_ARB_texture_multisample GL_ARB_texture_non_power_of_two GL_ARB_texture_query_levels GL_ARB_texture_query_lod GL_ARB_texture_rectangle GL_ARB_texture_rg GL_ARB_texture_rgb10_a2ui GL_ARB_texture_stencil8 GL_ARB_texture_storage GL_ARB_texture_storage_multisample GL_ARB_texture_swizzle GL_ARB_texture_view GL_ARB_timer_query GL_ARB_transform_feedback2 GL_ARB_transform_feedback3 GL_ARB_transform_feedback_instanced GL_ARB_transform_feedback_overflow_query GL_ARB_uniform_buffer_object GL_ARB_vertex_array_bgra GL_ARB_vertex_array_object GL_ARB_vertex
_attrib_64bit GL_ARB_vertex_attrib_binding GL_ARB_vertex_buffer_object GL_ARB_vertex_shader GL_ARB_vertex_type_10f_11f_11f_rev GL_ARB_vertex_type_2_10_10_10_rev GL_ARB_viewport_array GL_ATI_blend_equation_separate GL_ATI_meminfo GL_ATI_texture_float GL_ATI_texture_mirror_once GL_EXT_EGL_image_storage GL_EXT_EGL_image_storage_compression GL_EXT_EGL_sync GL_EXT_abgr GL_EXT_blend_equation_separate GL_EXT_debug_label GL_EXT_demote_to_helper_invocation GL_EXT_depth_bounds_test GL_EXT_draw_buffers2 GL_EXT_draw_instanced GL_EXT_framebuffer_blit GL_EXT_framebuffer_multisample GL_EXT_framebuffer_multisample_blit_scaled GL_EXT_framebuffer_object GL_EXT_framebuffer_sRGB GL_EXT_memory_object GL_EXT_memory_object_fd GL_EXT_mesh_shader GL_EXT_packed_depth_stencil GL_EXT_packed_float GL_EXT_pixel_buffer_object GL_EXT_polygon_offset_clamp GL_EXT_provoking_vertex GL_EXT_semaphore GL_EXT_semaphore_fd GL_EXT_shader_clock GL_EXT_shader_image_load_formatted GL_EXT_shader_image_load_store GL_EXT_shader_integer_mix GL_EXT_shader_s
amples_identical GL_EXT_texture_array GL_EXT_texture_compression_dxt1 GL_EXT_texture_compression_rgtc GL_EXT_texture_compression_s3tc GL_EXT_texture_filter_anisotropic GL_EXT_texture_filter_minmax GL_EXT_texture_integer GL_EXT_texture_mirror_clamp GL_EXT_texture_sRGB GL_EXT_texture_sRGB_R8 GL_EXT_texture_sRGB_RG8 GL_EXT_texture_sRGB_decode GL_EXT_texture_shadow_lod GL_EXT_texture_shared_exponent GL_EXT_texture_snorm GL_EXT_texture_storage GL_EXT_texture_swizzle GL_EXT_timer_query GL_EXT_transform_feedback GL_EXT_vertex_array_bgra GL_EXT_vertex_attrib_64bit GL_EXT_window_rectangles GL_IBM_multimode_draw_arrays GL_INTEL_blackhole_render GL_KHR_blend_equation_advanced GL_KHR_context_flush_control GL_KHR_debug GL_KHR_no_error GL_KHR_parallel_shader_compile GL_KHR_robust_buffer_access_behavior GL_KHR_robustness GL_KHR_shader_subgroup GL_KHR_texture_compression_astc_ldr GL_KHR_texture_compression_astc_sliced_3d GL_MESA_framebuffer_flip_y GL_MESA_pack_invert GL_MESA_shader_integer_functions GL_MESA_texture_const_ba
ndwidth GL_MESA_texture_signed_rgba GL_NVX_gpu_memory_info GL_NV_alpha_to_coverage_dither_control GL_NV_compute_shader_derivatives GL_NV_conditional_render GL_NV_copy_image GL_NV_depth_clamp GL_NV_packed_depth_stencil GL_NV_shader_atomic_int64 GL_NV_texture_barrier GL_OES_EGL_image GL_S3_s3tc
OPENGL LOG: Creating OpenGL 4.6 graphics device ; Context level  <OpenGL 4.5> ; Context handle -453226624
Begin MonoManager ReloadAssembly
- Loaded All Assemblies, in  0.084 seconds
- Finished resetting the current domain, in  0.002 seconds
Default vsync count 1
requesting resize 2560 x 1600
Using native desktop resolution 2560 x 1600
requesting fullscreen 2560 x 1600 at 0/1 Hz
Desktop is 2560 x 1600 @ 120 Hz
[PhysX] Initialized MultithreadedTaskDispatcher with 16 workers.
UnloadTime: 0.961819 ms
Command line arguments: -quicktest
[S_API] SteamAPI_Init(): SteamAPI_IsSteamRunning() did not locate a running instance of Steam.
[S_API] SteamAPI_Init(): Loaded '/home/dorian/.local/share/Steam/linux64/steamclient.so' OK.
[S_API FAIL] SteamAPI_Init() failed; create pipe failed.[Steamworks.NET] SteamAPI.Init() failed. Possible causes: Steam client not running, launched from outside Steam without steam_appid.txt in place, running with different privileges than Steam client (e.g. "as administrator")
RimWorld 1.6.4871 rev600
[2026-08-31 22:21:00.073] [MANGOHUD] [info] [cpu.cpp:636] hwmon: using input: /sys/class/hwmon/hwmon6/temp1_input
Symbol file /home/dorian/projects/rimworld/Guests/Assemblies/Guests.pdb doesn't match image /home/dorian/projects/rimworld/Guests/Assemblies/Guests.dll
Symbol file /home/dorian/projects/rimworld/Factions/Assemblies/Factions.pdb doesn't match image /home/dorian/projects/rimworld/Factions/Assemblies/Factions.dll
Symbol file /home/dorian/projects/rimworld/joyvariety/Assemblies/JoyVariety.pdb doesn't match image /home/dorian/projects/rimworld/joyvariety/Assemblies/JoyVariety.dll
Symbol file /home/dorian/projects/rimworld/mechpatrol/Assemblies/MechPatrol.pdb doesn't match image /home/dorian/projects/rimworld/mechpatrol/Assemblies/MechPatrol.dll
Symbol file /home/dorian/projects/rimworld/analyzerbridge/Assemblies/AnalyzerBridge.pdb doesn't match image /home/dorian/projects/rimworld/analyzerbridge/Assemblies/AnalyzerBridge.dll
Fallback handler could not load library /home/dorian/projects/rimworld/_RimWorld-Agent/RimWorldLinux_Data/MonoBleedingEdge/x86_64/data-0x7f29347131f0.so
Fallback handler could not load library /home/dorian/projects/rimworld/_RimWorld-Agent/RimWorldLinux_Data/MonoBleedingEdge/x86_64/data-0x7f29347164f0.so
[AutoQuest] Loaded. Harmony id = Dorian.AutoQuest
[Analyzer] Loaded version 1.6.0 rev 1
[AnalyzerBridge] ready — dpa=ok
[AutoRimmer] ready — 118 verbs; root=/home/dorian/projects/rimworld/_RimWorld-Agent/config/unity3d/Ludeon Studios/RimWorld by Ludeon Studios/AutoRimmer
[Guests][Social] Socio-Butterfly join pool not found; guests won't be offered as recreation partners (the mod is probably not loaded).
[Guests][Social] Socio-Butterfly seat-count method not found; guest-occupied recreation tables may overfill (the mod is probably not loaded).
[Guests][Goodwill] took over Hospitality departure goodwill for our guests
[Guests][Economy][ServingFocus] Workers stay on shift: cleared casualInterruptible on 6 serving job(s) (Gastronomy_Serve, Gastronomy_TakeOrder, Gastronomy_StandBy, Gastronomy_MakeTable, Storefront_Sell, Storefront_StandBy).
[baseviz] catalog dumped to /home/dorian/projects/rimworld/_RimWorld-Agent/config/unity3d/Ludeon Studios/RimWorld by Ludeon Studios/Config/baseviz_catalog.json
[Factions][Suppression] Hospitality visitor-queue fill patched (mutes when the director is active)
[Factions][Suppression] Hospitality visitor composition patched (the director owns who arrives and how the group is filled inside its window)
[Factions][Suppression] Hospitality known-guest pool screened for walking report carriers (people mid-walk are not available as guests)
[Factions][Suppression] Hospitality may-they-come dialog patched (a group the director sent spawns inside its window rather than on the player's click)
[Factions][ArrivalRoll] stood down 1/1 Guests arrival roll(s) (active only while the director runs) — every other ArrivalRoll method is left to Guests
[Factions][Ledger] Guests witness-radius writer resolved (reflection)
[FuzzyRoomRequirements] FuzzyColumn matched 3 ThingDefs: Column, AncientCraneColumn, MechPylon
[FuzzyRoomRequirements] FuzzyDoubleBed matched 11 ThingDefs: DoubleBed, RoyalBed, BedrollDouble, SlabDoubleBed, DeathrestCasket, AncientDoubleBed, DoubleBedGuest, BedrollDoubleGuest, SlabDoubleBedGuest, DeathrestCasketGuest, AncientDoubleBedGuest
[FuzzyRoomRequirements] FuzzyBrazier matched 2 ThingDefs: Brazier, DarklightBrazier
[FuzzyRoomRequirements] FuzzyThrone matched 2 ThingDefs: Throne, GrandThrone
[FuzzyRoomRequirements] FuzzyEndTable matched 1 ThingDefs: EndTable
[FuzzyRoomRequirements] FuzzyDresser matched 1 ThingDefs: Dresser
[FuzzyRoomRequirements] FuzzyDrape matched 1 ThingDefs: Drape
[FuzzyRoomRequirements] Initialized 10 ThingDef->FuzzyDef mappings
[FuzzyRoomRequirements] Harmony patches applied. Fuzzy room requirements active.
[RealisticHeatDeath] Initialized
Type SidearmGizmoUtility probably needs a StaticConstructorOnStartup attribute, because it has a field GrenadeIcon of type Texture2D. All assets must be loaded in the main thread.
Type CompGuestParking probably needs a StaticConstructorOnStartup attribute, because it has a field iconTex of type Texture2D. All assets must be loaded in the main thread.
Type Patch_TourCancelGizmo probably needs a StaticConstructorOnStartup attribute, because it has a field CancelTex of type Texture2D. All assets must be loaded in the main thread.
Type Command_WeaponRole probably needs a StaticConstructorOnStartup attribute, because it has a field SniperIcon of type Texture2D. All assets must be loaded in the main thread.
Type GuestsDebugComponent probably needs a StaticConstructorOnStartup attribute, because it has a field visitedMat of type Material. All assets must be loaded in the main thread.
Type CompGasTank probably needs a StaticConstructorOnStartup attribute, because it has a field AutoLoadIcon of type Texture2D. All assets must be loaded in the main thread.
Unloading 5 Unused Serialized files (Serialized files now loaded: 5)
[PatchAudit] 233 patched vanilla method(s) scanned, no silently-dead patches found.
[CoherentBionics] Cached 61 implant candidates across 17 body parts.
[CoherentBionics]   Arm: ElbowBlade (mod=Ludeon.RimWorld.Royalty, value=355, exclusive=False, mutant=any, craftable=True, weaponDps=9)
[CoherentBionics]   Brain: Joywire (mod=Ludeon.RimWorld, value=220, exclusive=False, mutant=any, craftable=True, weaponDps=)
[CoherentBionics]   Brain: Painstopper (mod=Ludeon.RimWorld, value=220, exclusive=False, mutant=any, craftable=True, weaponDps=)
[CoherentBionics]   Brain: PsychicSensitizer (mod=Ludeon.RimWorld.Royalty, value=1000, exclusive=False, mutant=any, craftable=False, weaponDps=)
[CoherentBionics]   Brain: PsychicHarmonizer (mod=Ludeon.RimWorld.Royalty, value=800, exclusive=False, mutant=any, craftable=False, weaponDps=)
[CoherentBionics]   Brain: PsychicReader (mod=Ludeon.RimWorld.Royalty, value=1000, exclusive=False, mutant=any, craftable=False, weaponDps=)
[CoherentBionics]   Brain: Neurocalculator (mod=Ludeon.RimWorld.Royalty, value=1030, exclusive=False, mutant=any, craftable=True, weaponDps=)
[CoherentBionics]   Brain: LearningAssistant (mod=Ludeon.RimWorld.Royalty, value=1030, exclusive=False, mutant=any, craftable=True, weaponDps=)
[CoherentBionics]   Brain: CircadianAssistant (mod=Ludeon.RimWorld.Royalty, value=1030, exclusive=False, mutant=any, craftable=True, weaponDps=)
[CoherentBionics]   Brain: CircadianHalfCycler (mod=Ludeon.RimWorld.Royalty, value=1030, exclusive=False, mutant=any, craftable=True, weaponDps=)
[CoherentBionics]   Brain: Mindscrew (mod=Ludeon.RimWorld.Royalty, value=210, exclusive=False, mutant=any, craftable=True, weaponDps=)
[CoherentBionics]   Brain: PilotAssistant (mod=Ludeon.RimWorld.Odyssey, value=585, exclusive=False, mutant=any, craftable=True, weaponDps=)
[CoherentBionics]   Ear: BionicEar (mod=Ludeon.RimWorld, value=785, exclusive=True, mutant=any, craftable=True, weaponDps=)
[CoherentBionics]   Ear: CochlearImplant (mod=Ludeon.RimWorld, value=220, exclusive=True, mutant=any, craftable=True, weaponDps=)
[CoherentBionics]   Eye: ArchotechEye (mod=Ludeon.RimWorld, value=2800, exclusive=True, mutant=any, craftable=False, weaponDps=)
[CoherentBionics]   Eye: BionicEye (mod=Ludeon.RimWorld, value=1030, exclusive=True, mutant=any, craftable=True, weaponDps=)
[CoherentBionics]   Foot: WoodenFoot (mod=Ludeon.RimWorld, value=50, exclusive=True, mutant=any, craftable=False, weaponDps=)
[CoherentBionics]   Hand: WoodenHand (mod=Ludeon.RimWorld, value=50, exclusive=True, mutant=any, craftable=False, weaponDps=)
[CoherentBionics]   Hand: PowerClaw (mod=Ludeon.RimWorld, value=385, exclusive=True, mutant=any, craftable=True, weaponDps=11)
[CoherentBionics]   Hand: FieldHand (mod=Ludeon.RimWorld.Royalty, value=425, exclusive=True, mutant=any, craftable=True, weaponDps=4.5)
[CoherentBionics]   Hand: HandTalon (mod=Ludeon.RimWorld.Royalty, value=355, exclusive=False, mutant=any, craftable=True, weaponDps=10)
[CoherentBionics]   Heart: BionicHeart (mod=Ludeon.RimWorld, value=1030, exclusive=True, mutant=any, craftable=True, weaponDps=)
[CoherentBionics]   Heart: SimpleProstheticHeart (mod=Ludeon.RimWorld, value=230, exclusive=True, mutant=any, craftable=True, weaponDps=)
[CoherentBionics]   Heart: AdrenalHeart (mod=Ludeon.RimWorld.Anomaly, value=95, exclusive=True, mutant=Ghoul, craftable=True, weaponDps=)
[CoherentBionics]   Heart: CorrosiveHeart (mod=Ludeon.RimWorld.Anomaly, value=95, exclusive=True, mutant=Ghoul, craftable=True, weaponDps=)
[CoherentBionics]   Heart: MetalbloodHeart (mod=Ludeon.RimWorld.Anomaly, value=95, exclusive=True, mutant=Ghoul, craftable=True, weaponDps=)
[CoherentBionics]   Jaw: BionicJaw (mod=Ludeon.RimWorld, value=785, exclusive=True, mutant=any, craftable=True, weaponDps=)
[CoherentBionics]   Jaw: Denture (mod=Ludeon.RimWorld, value=50, exclusive=True, mutant=any, craftable=False, weaponDps=)
[CoherentBionics]   Kidney: Immunoenhancer (mod=Ludeon.RimWorld.Royalty, value=1030, exclusive=False, mutant=any, craftable=True, weaponDps=)
[CoherentBionics]   Kidney: DetoxifierKidney (mod=Ludeon.RimWorld.Biotech, value=1080, exclusive=True, mutant=any, craftable=True, weaponDps=)
[CoherentBionics]   Kidney: BloodWarmer (mod=Ludeon.RimWorld.Odyssey, value=110, exclusive=True, mutant=Ghoul, craftable=True, weaponDps=)
[CoherentBionics]   Leg: ArchotechLeg (mod=Ludeon.RimWorld, value=2800, exclusive=True, mutant=any, craftable=False, weaponDps=)
[CoherentBionics]   Leg: BionicLeg (mod=Ludeon.RimWorld, value=1030, exclusive=True, mutant=any, craftable=True, weaponDps=)
[CoherentBionics]   Leg: PegLeg (mod=Ludeon.RimWorld, value=50, exclusive=True, mutant=any, craftable=False, weaponDps=)
[CoherentBionics]   Leg: SimpleProstheticLeg (mod=Ludeon.RimWorld, value=260, exclusive=True, mutant=any, craftable=True, weaponDps=)
[CoherentBionics]   Leg: KneeSpike (mod=Ludeon.RimWorld.Royalty, value=355, exclusive=False, mutant=any, craftable=True, weaponDps=8.461538)
[CoherentBionics]   Lung: DetoxifierLung (mod=Ludeon.RimWorld.Biotech, value=925, exclusive=True, mutant=any, craftable=True, weaponDps=)
[CoherentBionics]   Nose: GastroAnalyzer (mod=Ludeon.RimWorld.Royalty, value=830, exclusive=False, mutant=any, craftable=True, weaponDps=)
[CoherentBionics]   Nose: AestheticNose (mod=Ludeon.RimWorld.Royalty, value=585, exclusive=True, mutant=any, craftable=True, weaponDps=)
[CoherentBionics]   Shoulder: ArchotechArm (mod=Ludeon.RimWorld, value=2800, exclusive=True, mutant=any, craftable=False, weaponDps=7)
[CoherentBionics]   Shoulder: BionicArm (mod=Ludeon.RimWorld, value=1030, exclusive=True, mutant=any, craftable=True, weaponDps=6)
[CoherentBionics]   Shoulder: SimpleProstheticArm (mod=Ludeon.RimWorld, value=260, exclusive=True, mutant=any, craftable=True, weaponDps=4.1)
[CoherentBionics]   Shoulder: DrillArm (mod=Ludeon.RimWorld.Royalty, value=425, exclusive=True, mutant=any, craftable=True, weaponDps=6.5)
[CoherentBionics]   Spine: BionicSpine (mod=Ludeon.RimWorld, value=1030, exclusive=True, mutant=any, craftable=True, weaponDps=)
[CoherentBionics]   Spine: RevenantVertebrae (mod=Ludeon.RimWorld.Anomaly, value=1895, exclusive=False, mutant=any, craftable=True, weaponDps=)
[CoherentBionics]   Stomach: BionicStomach (mod=Ludeon.RimWorld, value=785, exclusive=True, mutant=any, craftable=True, weaponDps=)
[CoherentBionics]   Stomach: DetoxifierStomach (mod=Ludeon.RimWorld.Royalty, value=1030, exclusive=True, mutant=any, craftable=True, weaponDps=)
[CoherentBionics]   Stomach: ReprocessorStomach (mod=Ludeon.RimWorld.Royalty, value=1030, exclusive=True, mutant=any, craftable=True, weaponDps=)
[CoherentBionics]   Stomach: NuclearStomach (mod=Ludeon.RimWorld.Royalty, value=1030, exclusive=True, mutant=any, craftable=True, weaponDps=)
[CoherentBionics]   Tongue: BionicTongue (mod=Ludeon.RimWorld, value=565, exclusive=True, mutant=any, craftable=True, weaponDps=)
[CoherentBionics]   Torso: DeathAcidifier (mod=Ludeon.RimWorld, value=400, exclusive=False, mutant=any, craftable=False, weaponDps=)
[CoherentBionics]   Torso: Coagulator (mod=Ludeon.RimWorld.Royalty, value=1030, exclusive=False, mutant=any, craftable=True, weaponDps=)
[CoherentBionics]   Torso: HealingEnhancer (mod=Ludeon.RimWorld.Royalty, value=1030, exclusive=False, mutant=any, craftable=True, weaponDps=)
[CoherentBionics]   Torso: ToughskinGland (mod=Ludeon.RimWorld.Royalty, value=1030, exclusive=False, mutant=any, craftable=True, weaponDps=)
[CoherentBionics]   Torso: ArmorskinGland (mod=Ludeon.RimWorld.Royalty, value=1475, exclusive=False, mutant=any, craftable=True, weaponDps=)
[CoherentBionics]   Torso: StoneskinGland (mod=Ludeon.RimWorld.Royalty, value=1920, exclusive=False, mutant=any, craftable=True, weaponDps=)
[CoherentBionics]   Torso: AestheticShaper (mod=Ludeon.RimWorld.Royalty, value=830, exclusive=False, mutant=any, craftable=True, weaponDps=)
[CoherentBionics]   Torso: LoveEnhancer (mod=Ludeon.RimWorld.Royalty, value=1030, exclusive=False, mutant=any, craftable=True, weaponDps=)
[CoherentBionics]   Torso: GhoulPlating (mod=Ludeon.RimWorld.Anomaly, value=85, exclusive=False, mutant=Ghoul, craftable=True, weaponDps=)
[CoherentBionics]   Torso: GhoulBarbs (mod=Ludeon.RimWorld.Anomaly, value=48, exclusive=False, mutant=Ghoul, craftable=True, weaponDps=)
[CoherentBionics]   Torso: VacskinGland (mod=Ludeon.RimWorld.Odyssey, value=1230, exclusive=False, mutant=any, craftable=True, weaponDps=)
Unloading 97 unused Assets to reduce memory usage. Loaded Objects now: 26666.
Total: 247.300997 ms (FindLiveObjects: 1.082857 ms CreateObjectMapping: 1.505031 ms MarkObjects: 244.429274 ms  DeleteObjects: 0.283343 ms)

Unloading 3 Unused Serialized files (Serialized files now loaded: 5)
[PhysX] Initialized MultithreadedTaskDispatcher with 16 workers.
UnloadTime: 1.202281 ms
Unloading 2 unused Assets to reduce memory usage. Loaded Objects now: 26685.
Total: 245.742606 ms (FindLiveObjects: 0.971318 ms CreateObjectMapping: 0.794364 ms MarkObjects: 243.927892 ms  DeleteObjects: 0.048571 ms)

requesting resize 2560 x 1600
Using native desktop resolution 2560 x 1600
requesting fullscreen 2560 x 1600 at 0/1 Hz
Desktop is 2560 x 1600 @ 120 Hz
Unloading 3 Unused Serialized files (Serialized files now loaded: 5)
[PhysX] Initialized MultithreadedTaskDispatcher with 16 workers.
UnloadTime: 0.346172 ms
requesting resize 2560 x 1600
Using native desktop resolution 2560 x 1600
requesting fullscreen 2560 x 1600 at 0/1 Hz
Desktop is 2560 x 1600 @ 120 Hz
Unloading 2 unused Assets to reduce memory usage. Loaded Objects now: 26867.
Total: 192.234536 ms (FindLiveObjects: 1.246265 ms CreateObjectMapping: 0.845891 ms MarkObjects: 190.080984 ms  DeleteObjects: 0.060835 ms)

Initializing new game with mods:
  - Ludeon.RimWorld
  - Ludeon.RimWorld.Royalty
  - Ludeon.RimWorld.Ideology
  - Ludeon.RimWorld.Biotech
  - Ludeon.RimWorld.Anomaly
  - Ludeon.RimWorld.Odyssey
  - brrainz.harmony
  - Dorian.LogRelay
  - Orion.CashRegister
  - Orion.Hospitality
  - Orion.Gastronomy
  - Adamas.Storefront
  - Dorian.Guests
  - Dorian.AutoQuest
  - dorian.basevizcatalogdumper
  - Dorian.Church
  - Dorian.CoherentBionics
  - Dorian.CruelAndUnusualPunishment
  - Dorian.DisableLeaveBadWeather
  - Dorian.Factions
  - dorian.findsuitableweaponandammo
  - Dorian.Fingerkill
  - Dorian.FuzzyRoomRequirements
  - Dorian.JoyVariety
  - Dorian.MechPatrol
  - Dorian.Music
  - Dorian.Nepo
  - Dorian.NoMoreAlarms
  - Dorian.RandomResearch
  - Dorian.RealisticGasses
  - dorian.realisticheatdeath
  - Dorian.RegisterLanes
  - Dorian.RetryFailedSurgery
  - Dorian.SeekAndKill
  - Dorian.SuperHotFire
  - Dorian.WirelessMechCharging
  - Dubwise.DubsPerformanceAnalyzer.steam
  - Dorian.AnalyzerBridge
  - Dorian.AutoRimmer
Exception from asynchronous event: System.NullReferenceException: Object reference not set to an instance of an object
[Ref 20C315EA]
  at Verse.Find.get_WorldObjects () [0x00005] in <b4d967f0d45a413fbb0223eefee4f2ae>:0 
  at Verse.Game.InitNewGame () [0x000a0] in <b4d967f0d45a413fbb0223eefee4f2ae>:0 
  at Verse.Root_Play+<>c.<Start>b__1_2 () [0x00025] in <b4d967f0d45a413fbb0223eefee4f2ae>:0 
  at Verse.LongEventHandler.RunEventFromAnotherThread (System.Action action) [0x00008] in <b4d967f0d45a413fbb0223eefee4f2ae>:0 
Unloading 0 Unused Serialized files (Serialized files now loaded: 5)
Unloading 0 unused Assets to reduce memory usage. Loaded Objects now: 26867.
Total: 190.576897 ms (FindLiveObjects: 1.668569 ms CreateObjectMapping: 0.457791 ms MarkObjects: 188.402616 ms  DeleteObjects: 0.047249 ms)

Unloading 2 Unused Serialized files (Serialized files now loaded: 5)
[PhysX] Initialized MultithreadedTaskDispatcher with 16 workers.
UnloadTime: 0.467980 ms
Unloading 2 unused Assets to reduce memory usage. Loaded Objects now: 26850.
Total: 191.748030 ms (FindLiveObjects: 1.096313 ms CreateObjectMapping: 0.916324 ms MarkObjects: 189.672976 ms  DeleteObjects: 0.061916 ms)

Memory Statistics:
[ALLOC_TEMP_TLS] TLS Allocator
  StackAllocators : 
    [ALLOC_TEMP_MAIN]
      Peak usage frame count: [0-1.0 KB]: 3405 frames, [1.0 KB-2.0 KB]: 4 frames, [2.0 KB-4.0 KB]: 3 frames, [8.0 KB-16.0 KB]: 1 frames, [64.0 KB-128.0 KB]: 1 frames, [256.0 KB-0.5 MB]: 1 frames, [2.0 MB-4.0 MB]: 6 frames, [4.0 MB-8.0 MB]: 1 frames
      Initial Block Size 4.0 MB
      Current Block Size 4.4 MB
      Peak Allocated Bytes 4.4 MB
      Overflow Count 3
    [ALLOC_TEMP_Loading.AsyncRead]
      Initial Block Size 64.0 KB
      Current Block Size 120.0 KB
      Peak Allocated Bytes 117.2 KB
      Overflow Count 0
    [ALLOC_TEMP_Loading.PreloadManager]
      Initial Block Size 256.0 KB
      Current Block Size 256.0 KB
      Peak Allocated Bytes 6.5 KB
      Overflow Count 16
    [ALLOC_TEMP_Background Job.Worker 8]
      Initial Block Size 32.0 KB
      Current Block Size 32.0 KB
      Peak Allocated Bytes 0 B
      Overflow Count 0
    [ALLOC_TEMP_Job.Worker 6]
      Initial Block Size 256.0 KB
      Current Block Size 256.0 KB
      Peak Allocated Bytes 0 B
      Overflow Count 0
    [ALLOC_TEMP_Job.Worker 0]
      Initial Block Size 256.0 KB
      Current Block Size 256.0 KB
      Peak Allocated Bytes 0 B
      Overflow Count 0
    [ALLOC_TEMP_Background Job.Worker 10]
      Initial Block Size 32.0 KB
      Current Block Size 32.0 KB
      Peak Allocated Bytes 0 B
      Overflow Count 0
    [ALLOC_TEMP_Background Job.Worker 9]
      Initial Block Size 32.0 KB
      Current Block Size 32.0 KB
      Peak Allocated Bytes 0 B
      Overflow Count 0
    [ALLOC_TEMP_Job.Worker 5]
      Initial Block Size 256.0 KB
      Current Block Size 256.0 KB
      Peak Allocated Bytes 0 B
      Overflow Count 0
    [ALLOC_TEMP_Background Job.Worker 14]
      Initial Block Size 32.0 KB
      Current Block Size 32.0 KB
      Peak Allocated Bytes 0 B
      Overflow Count 0
    [ALLOC_TEMP_Background Job.Worker 6]
      Initial Block Size 32.0 KB
      Current Block Size 32.0 KB
      Peak Allocated Bytes 0 B
      Overflow Count 0
    [ALLOC_TEMP_Job.Worker 4]
      Initial Block Size 256.0 KB
      Current Block Size 256.0 KB
      Peak Allocated Bytes 0 B
      Overflow Count 0
    [ALLOC_TEMP_Job.Worker 14]
      Initial Block Size 256.0 KB
      Current Block Size 256.0 KB
      Peak Allocated Bytes 0 B
      Overflow Count 0
    [ALLOC_TEMP_Job.Worker 3]
      Initial Block Size 256.0 KB
      Current Block Size 256.0 KB
      Peak Allocated Bytes 0 B
      Overflow Count 0
    [ALLOC_TEMP_Job.Worker 13]
      Initial Block Size 256.0 KB
      Current Block Size 256.0 KB
      Peak Allocated Bytes 0 B
      Overflow Count 0
    [ALLOC_TEMP_Background Job.Worker 12]
      Initial Block Size 32.0 KB
      Current Block Size 32.0 KB
      Peak Allocated Bytes 0 B
      Overflow Count 0
    [ALLOC_TEMP_EnlightenWorker] x 8
      Initial Block Size 64.0 KB
      Current Block Size 64.0 KB
      Peak Allocated Bytes 0 B
      Overflow Count 0
    [ALLOC_TEMP_Background Job.Worker 15]
      Initial Block Size 32.0 KB
      Current Block Size 32.0 KB
      Peak Allocated Bytes 0 B
      Overflow Count 0
    [ALLOC_TEMP_Background Job.Worker 1]
      Initial Block Size 32.0 KB
      Current Block Size 32.0 KB
      Peak Allocated Bytes 101 B
      Overflow Count 0
    [ALLOC_TEMP_Background Job.Worker 2]
      Initial Block Size 32.0 KB
      Current Block Size 32.0 KB
      Peak Allocated Bytes 0 B
      Overflow Count 0
    [ALLOC_TEMP_Background Job.Worker 7]
      Initial Block Size 32.0 KB
      Current Block Size 32.0 KB
      Peak Allocated Bytes 0 B
      Overflow Count 0
    [ALLOC_TEMP_UnityGfxDeviceWorker]
      Initial Block Size 256.0 KB
      Current Block Size 256.0 KB
      Peak Allocated Bytes 144.0 KB
      Overflow Count 22
    [ALLOC_TEMP_AssetGarbageCollectorHelper] x 15
      Initial Block Size 64.0 KB
      Current Block Size 64.0 KB
      Peak Allocated Bytes 0 B
      Overflow Count 0
    [ALLOC_TEMP_Background Job.Worker 5]
      Initial Block Size 32.0 KB
      Current Block Size 32.0 KB
      Peak Allocated Bytes 0 B
      Overflow Count 0
    [ALLOC_TEMP_Job.Worker 9]
      Initial Block Size 256.0 KB
      Current Block Size 256.0 KB
      Peak Allocated Bytes 0 B
      Overflow Count 0
    [ALLOC_TEMP_Background Job.Worker 13]
      Initial Block Size 32.0 KB
      Current Block Size 32.0 KB
      Peak Allocated Bytes 0 B
      Overflow Count 0
    [ALLOC_TEMP_Job.Worker 8]
      Initial Block Size 256.0 KB
      Current Block Size 256.0 KB
      Peak Allocated Bytes 0 B
      Overflow Count 0
    [ALLOC_TEMP_Job.Worker 7]
      Initial Block Size 256.0 KB
      Current Block Size 256.0 KB
      Peak Allocated Bytes 0 B
      Overflow Count 0
    [ALLOC_TEMP_Job.Worker 1]
      Initial Block Size 256.0 KB
      Current Block Size 256.0 KB
      Peak Allocated Bytes 0.5 KB
      Overflow Count 0
    [ALLOC_TEMP_Job.Worker 2]
      Initial Block Size 256.0 KB
      Current Block Size 256.0 KB
      Peak Allocated Bytes 0.6 KB
      Overflow Count 0
    [ALLOC_TEMP_Background Job.Worker 3]
      Initial Block Size 32.0 KB
      Current Block Size 32.0 KB
      Peak Allocated Bytes 0 B
      Overflow Count 0
    [ALLOC_TEMP_Background Job.Worker 11]
      Initial Block Size 32.0 KB
      Current Block Size 32.0 KB
      Peak Allocated Bytes 0 B
      Overflow Count 0
    [ALLOC_TEMP_Job.Worker 10]
      Initial Block Size 256.0 KB
      Current Block Size 256.0 KB
      Peak Allocated Bytes 0 B
      Overflow Count 0
    [ALLOC_TEMP_Background Job.Worker 0]
      Initial Block Size 32.0 KB
      Current Block Size 32.0 KB
      Peak Allocated Bytes 0 B
      Overflow Count 0
    [ALLOC_TEMP_Job.Worker 11]
      Initial Block Size 256.0 KB
      Current Block Size 256.0 KB
      Peak Allocated Bytes 0 B
      Overflow Count 0
    [ALLOC_TEMP_Job.Worker 12]
      Initial Block Size 256.0 KB
      Current Block Size 256.0 KB
      Peak Allocated Bytes 0 B
      Overflow Count 0
    [ALLOC_TEMP_Background Job.Worker 4]
      Initial Block Size 32.0 KB
      Current Block Size 32.0 KB
      Peak Allocated Bytes 0 B
      Overflow Count 0
    [ALLOC_TEMP_BatchDeleteObjects]
      Initial Block Size 64.0 KB
      Current Block Size 64.0 KB
      Peak Allocated Bytes 0 B
      Overflow Count 0
[ALLOC_DEFAULT] Dual Thread Allocator
  Peak main deferred allocation count 12296
    [ALLOC_BUCKET]
      Large Block size 4.0 MB
      Used Block count 1
      Peak Allocated bytes 4.0 MB
      Failed Allocations. Bucket layout:
        16B: 4 Subsections = 4096 buckets. Failed count: 51554
        32B: 30 Subsections = 15360 buckets. Failed count: 46174
        48B: 34 Subsections = 11605 buckets. Failed count: 46039
        64B: 89 Subsections = 22784 buckets. Failed count: 55279
        80B: 82 Subsections = 16793 buckets. Failed count: 23857
        96B: 6 Subsections = 1024 buckets. Failed count: 45179
        112B: 7 Subsections = 1024 buckets. Failed count: 6277
        128B: 4 Subsections = 512 buckets. Failed count: 8854
    [ALLOC_DEFAULT_MAIN]
      Peak usage frame count: [16.0 MB-32.0 MB]: 159 frames, [32.0 MB-64.0 MB]: 1 frames, [128.0 MB-256.0 MB]: 3262 frames
      Requested Block Size 16.0 MB
      Peak Block count 12
      Peak Allocated memory 196.4 MB
      Peak Large allocation bytes 35.3 MB
    [ALLOC_DEFAULT_THREAD]
      Peak usage frame count: [4.0 MB-8.0 MB]: 3418 frames, [8.0 MB-16.0 MB]: 3 frames, [16.0 MB-32.0 MB]: 1 frames
      Requested Block Size 16.0 MB
      Peak Block count 1
      Peak Allocated memory 22.9 MB
      Peak Large allocation bytes 16.0 MB
[ALLOC_TEMP_JOB_1_FRAME]
  Initial Block Size 2.0 MB
  Used Block Count 0
  Overflow Count (too large) 0
  Overflow Count (full) 0
[ALLOC_TEMP_JOB_2_FRAMES]
  Initial Block Size 2.0 MB
  Used Block Count 0
  Overflow Count (too large) 0
  Overflow Count (full) 0
[ALLOC_TEMP_JOB_4_FRAMES (JobTemp)]
  Initial Block Size 2.0 MB
  Used Block Count 1
  Overflow Count (too large) 2
  Overflow Count (full) 0
[ALLOC_TEMP_JOB_ASYNC (Background)]
  Initial Block Size 1.0 MB
  Used Block Count 1
  Overflow Count (too large) 6
  Overflow Count (full) 0
[ALLOC_GFX] Dual Thread Allocator
  Peak main deferred allocation count 14
    [ALLOC_BUCKET]
      Large Block size 4.0 MB
      Used Block count 1
      Peak Allocated bytes 4.0 MB
      Failed Allocations. Bucket layout:
        16B: 4 Subsections = 4096 buckets. Failed count: 51554
        32B: 30 Subsections = 15360 buckets. Failed count: 46174
        48B: 34 Subsections = 11605 buckets. Failed count: 46039
        64B: 89 Subsections = 22784 buckets. Failed count: 55279
        80B: 82 Subsections = 16793 buckets. Failed count: 23857
        96B: 6 Subsections = 1024 buckets. Failed count: 45179
        112B: 7 Subsections = 1024 buckets. Failed count: 6277
        128B: 4 Subsections = 512 buckets. Failed count: 8854
    [ALLOC_GFX_MAIN]
      Peak usage frame count: [128.0 KB-256.0 KB]: 1 frames, [2.0 MB-4.0 MB]: 3420 frames, [256.0 MB-0.50 GB]: 1 frames
      Requested Block Size 16.0 MB
      Peak Block count 2
      Peak Allocated memory 344.5 MB
      Peak Large allocation bytes 341.0 MB
    [ALLOC_GFX_THREAD]
      Peak usage frame count: [0-1.0 KB]: 163 frames, [1.0 KB-2.0 KB]: 3 frames, [2.0 KB-4.0 KB]: 12 frames, [4.0 KB-8.0 KB]: 3244 frames
      Requested Block Size 16.0 MB
      Peak Block count 1
      Peak Allocated memory 6.9 KB
      Peak Large allocation bytes 0 B
[ALLOC_CACHEOBJECTS] Dual Thread Allocator
  Peak main deferred allocation count 94
    [ALLOC_BUCKET]
      Large Block size 4.0 MB
      Used Block count 1
      Peak Allocated bytes 4.0 MB
      Failed Allocations. Bucket layout:
        16B: 4 Subsections = 4096 buckets. Failed count: 51554
        32B: 30 Subsections = 15360 buckets. Failed count: 46174
        48B: 34 Subsections = 11605 buckets. Failed count: 46039
        64B: 89 Subsections = 22784 buckets. Failed count: 55279
        80B: 82 Subsections = 16793 buckets. Failed count: 23857
        96B: 6 Subsections = 1024 buckets. Failed count: 45179
        112B: 7 Subsections = 1024 buckets. Failed count: 6277
        128B: 4 Subsections = 512 buckets. Failed count: 8854
    [ALLOC_CACHEOBJECTS_MAIN]
      Peak usage frame count: [4.0 MB-8.0 MB]: 1 frames, [8.0 MB-16.0 MB]: 159 frames, [16.0 MB-32.0 MB]: 3262 frames
      Requested Block Size 4.0 MB
      Peak Block count 5
      Peak Allocated memory 17.6 MB
      Peak Large allocation bytes 0 B
    [ALLOC_CACHEOBJECTS_THREAD]
      Peak usage frame count: [4.0 KB-8.0 KB]: 159 frames, [32.0 KB-64.0 KB]: 3254 frames, [64.0 KB-128.0 KB]: 5 frames, [256.0 KB-0.5 MB]: 3 frames, [0.5 MB-1.0 MB]: 1 frames
      Requested Block Size 4.0 MB
      Peak Block count 1
      Peak Allocated memory 0.6 MB
      Peak Large allocation bytes 0 B
[ALLOC_TYPETREE] Dual Thread Allocator
  Peak main deferred allocation count 0
    [ALLOC_BUCKET]
      Large Block size 4.0 MB
      Used Block count 1
      Peak Allocated bytes 4.0 MB
      Failed Allocations. Bucket layout:
        16B: 4 Subsections = 4096 buckets. Failed count: 51554
        32B: 30 Subsections = 15360 buckets. Failed count: 46174
        48B: 34 Subsections = 11605 buckets. Failed count: 46039
        64B: 89 Subsections = 22784 buckets. Failed count: 55279
        80B: 82 Subsections = 16793 buckets. Failed count: 23857
        96B: 6 Subsections = 1024 buckets. Failed count: 45179
        112B: 7 Subsections = 1024 buckets. Failed count: 6277
        128B: 4 Subsections = 512 buckets. Failed count: 8854
    [ALLOC_TYPETREE_MAIN]
      Peak usage frame count: [0-1.0 KB]: 1 frames, [4.0 KB-8.0 KB]: 159 frames, [32.0 KB-64.0 KB]: 3262 frames
      Requested Block Size 2.0 MB
      Peak Block count 1
      Peak Allocated memory 46.3 KB
      Peak Large allocation bytes 0 B
    [ALLOC_TYPETREE_THREAD]
      Peak usage frame count: [0-1.0 KB]: 3422 frames
      Requested Block Size 2.0 MB
      Peak Block count 0
      Peak Allocated memory 0 B
      Peak Large allocation bytes 0 B
