261f2e9 temperature acceptance — root /home/dorian/projects/rimworld/_RimWorld-Agent/config/unity3d/Ludeon Studios/RimWorld by Ludeon Studios/AutoRimmer

==============================================================================
PHASE 0 — the shapes every later phase digs into
==============================================================================
  0.a     OK      precondition: the bench is up and a colony is loaded
  0.1     PASS    `digest` still answers (ok)
  0.2     PASS    `digest` publishes data.temperature
  0.3     PASS    `digest` publishes data.temperature.ok
  0.4     PASS    `digest` publishes data.temperature.out_of_range
  0.5     PASS    `digest` publishes data.temperature.out_of_range_rooms
  0.6     PASS    `digest` publishes data.temperature.outdoor_c
  0.7     PASS    `digest` publishes data.temperature.tolerance_c
  0.8     PASS    `digest` publishes data.temperature.controllers
  0.9     PASS    `digest` publishes data.temperature.controllers_unpowered
  0.10    PASS    `digest` publishes data.temperature.controllers_switched_off
  0.11    PASS    `digest` publishes data.temperature.controllers_ineffective
  0.12    PASS    `digest` publishes data.temperature.food_rooms_uncontrolled
  0.13    PASS    `digest` publishes data.temperature.food_rooms_unfrozen
  0.14    PASS    `digest` publishes data.temperature.rooms
  0.15    PASS    `digest` publishes data.temperature.total
  0.16    PASS    `digest` publishes data.temperature.more
  0.17    PASS    `digest` publishes data.temperature.order
  0.18    PASS    `digest` publishes data.temperature.note
  0.19    PASS    the published tolerance is the one this suite reasons with
  0.20    PASS    `digest` publishes data.resources.food_days
  0.21    PASS    `digest` publishes data.resources.food_days_basis
  0.22    PASS    `food_days_basis` says it is stockpile-only (data.resources.food_days_basis)
  0.23    PASS    …and that it has no rot term (data.resources.food_days_basis)
  0.24    PASS    `digest` publishes data.resources.food_rot
  0.25    PASS    `digest` publishes data.resources.food_rot.ok
  0.26    PASS    `digest` publishes data.resources.food_rot.warn_days
  0.27    PASS    `digest` publishes data.resources.food_rot.days
  0.28    PASS    `digest` publishes data.resources.food_rot.days_frozen
  0.29    PASS    `digest` publishes data.resources.food_rot.nutrition
  0.30    PASS    `digest` publishes data.resources.food_rot.nutrition_in_stockpiles
  0.31    PASS    `digest` publishes data.resources.food_rot.nutrition_forbidden
  0.32    PASS    `digest` publishes data.resources.food_rot.frozen
  0.33    PASS    `digest` publishes data.resources.food_rot.refrigerated
  0.34    PASS    `digest` publishes data.resources.food_rot.unrefrigerated
  0.35    PASS    `digest` publishes data.resources.food_rot.imperishable
  0.36    PASS    `digest` publishes data.resources.food_rot.spoiled_stacks
  0.37    PASS    `digest` publishes data.resources.food_rot.spoiled_nutrition
  0.38    PASS    `digest` publishes data.resources.food_rot.soonest_rot_days
  0.39    PASS    `digest` publishes data.resources.food_rot.soonest_rot_nutrition
  0.40    PASS    `digest` publishes data.resources.food_rot.worst_rot_pct
  0.41    PASS    `digest` publishes data.resources.food_rot.stacks
  0.42    PASS    `digest` publishes data.resources.food_rot.rottable_stacks
  0.43    PASS    `digest` publishes data.resources.food_rot.fogged_stacks
  0.44    PASS    `digest` publishes data.resources.food_rot.corpse_stacks_excluded
  0.45    PASS    `digest` publishes data.resources.food_rot.uncounted_stacks_excluded
  0.46    PASS    `digest` publishes data.resources.food_rot.scope
  0.47    PASS    `digest` publishes data.resources.food_rot.basis
  0.48    PASS    `digest` publishes data.resources.food_rot.note
  0.49    PASS    the rot block says it is map-wide, not stockpile-scoped (data.resources.food_rot.scope)
  0.50    PASS    …while the section around it still says stockpiles-only (data.resources.scope)
  0.51    PASS    `food_days` is UNCHANGED in meaning — nutrition_in_stockpiles is the same number the shipped field divides
  0.52    PASS    `temp-control` answers with no arguments (whole map) (ok)
  0.53    PASS    `temp-control` publishes data.verb
  0.54    PASS    `temp-control` publishes data.gate
  0.55    PASS    `temp-control` publishes data.target_scope
  0.56    PASS    `temp-control` publishes data.list
  0.57    PASS    `temp-control` publishes data.total
  0.58    PASS    `temp-control` publishes data.more
  0.59    PASS    `temp-control` publishes data.order
  0.60    PASS    `temp-control` publishes data.tolerance_c
  0.61    PASS    `temp-control` publishes data.clamp_c
  0.62    PASS    `temp-control` publishes data.outdoor_c
  0.63    PASS    `temp-control` publishes data.note
  0.64    PASS    `temp-control` publishes data.rejected
  0.65    PASS    `temp-control` publishes data.rejects
  0.66    PASS    `temp-control` publishes data.rejects_more
  0.67    PASS    `temp-control` publishes data.rejects_by_reason
  0.68    PASS    the read cites the WIDGET, not a field (data.gate)
  0.69    PASS    the published clamp is the game's own
  0.70    PASS    `temp-set` refuses with no target set
  0.71    PASS    …and says why there is no whole-map default (error.detail)
  0.72    NOTE    indoor rooms found: [42]

==============================================================================
PHASE 1 — `temp-control` READS, and reading mutates nothing
==============================================================================
  x.a     OK      precondition: one enclosed, roofed, non-outdoor room of >= 4 cells
  1.a     OK      precondition: a temperature-controlled building exists
  1.b     OK      precondition: at least one controller is readable
  1.0     NOTE    subject: id=38281 def=Heater target=21 serves=42
  1.1     PASS    `temp-control row` publishes data.row.id
  1.2     PASS    `temp-control row` publishes data.row.def
  1.3     PASS    `temp-control row` publishes data.row.label
  1.4     PASS    `temp-control row` publishes data.row.at
  1.5     PASS    `temp-control row` publishes data.row.kind
  1.6     PASS    `temp-control row` publishes data.row.target_c
  1.7     PASS    `temp-control row` publishes data.row.def_default_c
  1.8     PASS    `temp-control row` publishes data.row.def_min_c
  1.9     PASS    `temp-control row` publishes data.row.def_max_c
  1.10    PASS    `temp-control row` publishes data.row.def_clamp_enforced
  1.11    PASS    `temp-control row` publishes data.row.outside_def_range
  1.12    PASS    `temp-control row` publishes data.row.powered
  1.13    PASS    `temp-control row` publishes data.row.switch_on
  1.14    PASS    `temp-control row` publishes data.row.broken_down
  1.15    PASS    `temp-control row` publishes data.row.operating_at_high_power
  1.16    PASS    `temp-control row` publishes data.row.effective
  1.17    PASS    `temp-control row` publishes data.row.serves_basis
  1.18    PASS    `temp-control row` publishes data.row.serves
  1.19    PASS    `temp-control row` publishes data.row.energy_per_second
  1.20    PASS    `temp-control row` publishes data.row.faction
  1.21    PASS    the def range is published as UNENFORCED (data.row.def_clamp_enforced)
  1.22    PASS    a heater/cooler row names the room it SERVES
  1.23    PASS    …and the basis cites the game's own TickRare
  1.24    PASS    two consecutive reads are identical — no lazy-init drift
  1.25    PASS    `temp-control {room:<id>}` answers (ok)
  1.26    PASS    …and scopes itself to that room (data.target_scope.kind)
  1.27    PASS    …and contains the controller that serves it
  1.28    NOTE    no cooler with a distinct exhaust room on this map — the exhaust-only refusal is NOT exercised. Build a cooler in a wall between two sealed rooms to cover it.

==============================================================================
PHASE 2 — `temp-set` sets a target, and it READS BACK
==============================================================================
  2.0     NOTE    target before: 21 C; probing with -7 C
  2.1     PASS    a dry run answers (ok)
  2.2     PASS    …is marked as one (data.dry_run)
  2.3     PASS    …and journals nothing (data.action.journal_seq)
  2.4     PASS    …and the comp has NOT moved
  2.5     PASS    `temp-set` answers (ok)
  2.6     PASS    …with its own verdict true (data.ok)
  2.7     PASS    …in Celsius, said out loud (data.units)
  2.8     PASS    …echoing the target (data.target_c)
  2.9     PASS    …accepting exactly one (data.accepted)
  2.10    PASS    …and changing it (data.changed)
  2.11    PASS    `temp-set` publishes data.things.0.target_before_c
  2.12    PASS    `temp-set` publishes data.things.0.target_after_c
  2.13    PASS    the row's AFTER is the value asked for (data.things.0.target_after_c)
  2.14    PASS    …and its BEFORE is what was there (data.things.0.target_before_c)
  2.15    PASS    …marked changed (data.things.0.changed)
  2.16    PASS    `temp-set` publishes data.action.journal_seq
  2.17    PASS    …and the journal line was actually written (data.action.journal_seq)
  2.18    PASS    the verb cites the widget (data.gate)
  2.19    PASS    …and says the target is stored, not applied (data.note)
  2.20    PASS    `temp-control` reads the new target back off the comp
  2.21    PASS    setting the same target again changes nothing (data.changed)
  2.22    PASS    …and says it was already there (data.already_at_target)
  2.23    PASS    …on the row too (data.things.0.was_already)
  2.24    PASS    the journal has a `temp-set` action row
  2.25    PASS    …carrying the per-building before/after target

==============================================================================
PHASE 3 — the refusals, and the one that is deliberately NOT a refusal
==============================================================================
  3.b     OK      precondition: something on the map with no CompTempControl
  3.0     NOTE    non-controller subject: id=8411 def=Wall
  3.1     PASS    the call still SUCCEEDS at the envelope (ok)
  3.2     PASS    …while the verb's own verdict is false (data.ok)
  3.3     PASS    …with exactly one rejection (data.rejected)
  3.4     PASS    the refusal is named `no-temp-control`
  3.5     PASS    …and it names the BUILDING, not just the cell
  3.6     PASS    …with the game's own reason (data.rejects.0.reason)
  3.7     NOTE    no Vent on the map — the vent-specific reason was not exercised (build one to cover it; def `Vent`)
  3.9     PASS    …while the real controller in the SAME call still got set
  3.10    PASS    a target below absolute zero is refused
  3.11    PASS    …citing the member the clamp lives in (error.detail)
  3.12    PASS    …and one above 1000 C too
  3.13    PASS    a target below the def's advertised min is ACCEPTED (ok)
  3.14    PASS    …and actually set (data.things.0.target_after_c)
  3.15    PASS    …flagged as outside the def range (data.things.0.outside_def_range)
  3.16    PASS    `temp-set` publishes data.advisories
  3.17    FAIL    …with an advisory that says it is not a refusal and why (data.advisories.0.advisory)
          expected: a string containing 'minTargetTemperature'
          actual:   "UNPOWERED \u2014 Building_Cooler.TickRare and Building_Heater.TickRare both return immediately when compPowerTrader.PowerOn is false, so the target is stored and nothing acts on it. Check digest.power."
  3.18    PASS    `target` is refused as a near-miss for `target_c`

==============================================================================
PHASE 4 — `digest.temperature` shows an out-of-range room
==============================================================================
  4.b     OK      precondition: the controller serves a real indoor room
  4.c     OK      precondition: the controller is a heater or a cooler
  4.0     NOTE    room 42 is at 4.5 C; driving a heater to 204 C
  4.1     PASS    the extreme target is accepted (ok)
  4.2     PASS    `digest.temperature.ok` goes FALSE (data.temperature.ok)
  4.3     PASS    …with at least one out-of-range room (data.temperature.out_of_range_rooms)
  4.4     PASS    …and the headline NAMES the room id
  4.5     PASS    the room has a row at all
  4.6     PASS    `digest.temperature room` publishes data.row.room_id
  4.7     PASS    `digest.temperature room` publishes data.row.at
  4.8     PASS    `digest.temperature room` publishes data.row.cells
  4.9     PASS    `digest.temperature room` publishes data.row.temp_c
  4.10    PASS    `digest.temperature room` publishes data.row.uses_outdoor_temp
  4.11    PASS    `digest.temperature room` publishes data.row.controllers
  4.12    PASS    `digest.temperature room` publishes data.row.controllers_total
  4.13    PASS    `digest.temperature room` publishes data.row.out_of_range
  4.14    PASS    `digest.temperature room` publishes data.row.target_c
  4.15    PASS    `digest.temperature room` publishes data.row.drift_c
  4.16    PASS    the row is marked out of range (data.row.out_of_range)
  4.17    PASS    …carrying the target we set (data.row.target_c)
  4.18    PASS    …and a drift equal to temp - target
  4.19    PASS    …and the controller line inside it names the same id
  4.20    PASS    …marked out of range too (c.out_of_range)
  4.21    PASS    `controller line` publishes c.operating_at_high_power
  4.22    PASS    `controller line` publishes c.powered
  4.23    PASS    `controller line` publishes c.effective
  4.24    PASS    `temperature` is addressable as a predicate section
  4.25    PASS    …and the predicate is TRUE at arm time, as the digest says (data.until.true_when_armed)
  4.26    FAIL    putting the target back clears the room from out_of_range
          expected: 42 absent from out_of_range
          actual:   [42]

==============================================================================
PHASE 5 — THE ROT HALF: food that is visibly deteriorating
==============================================================================
  x.a     OK      precondition: one enclosed, roofed, non-outdoor room of >= 4 cells
  5.a     OK      precondition: some rottable human-edible food on the map
  5.b     SKIP    precondition NOT MET: at least one rottable food stack
          food_rot.rottable_stacks is 0. Spawn 20 x MealSimple, or put meals on the map.
          This is a FIXTURE gap, not a failure of the spec.
EXIT=2
