AutoRimmer spec 3.5 acceptance — dialog + interaction verbs (git-bug 20e5cda)
                              + the quest observer         (git-bug 548ef48)
protocol root: /home/dorian/projects/rimworld/_RimWorld-Agent/config/unity3d/Ludeon Studios/RimWorld by Ludeon Studios/AutoRimmer
phases: 0 + 5

==============================================================================
PHASE 0 — the bench, the dev switch, and THE SHAPE CONTRACT
==============================================================================
  0.1     OK      precondition: the bench answers `status`
  0.1a    PASS    `status` publishes data.gameLoaded
  0.1b    PASS    `status` publishes data.verbs
  0.1c    PASS    a game is loaded (data.gameLoaded)
  0.1d    PASS    no force-pausing modal is up before we begin (data.forcePause)
  0.2     PASS    all 18 ops of 20e5cda + 548ef48 registered
  0.3     OK      precondition: devMode is ON (the fixtures need it)
  0.3a    PASS    and the gate refused for a REASON, not silently (error.code)
  0.4a    PASS    `journal` publishes data.count
  0.4b    PASS    `journal` publishes data.last_seq
  0.4c    PASS    `journal` publishes data.events
  journal watermark seq0 = 2
  0.5a    PASS    `interactions` publishes data.force_pause
  0.5b    PASS    `interactions` publishes data.force_pause.count
  0.5c    PASS    `interactions` publishes data.blocking
  0.5d    PASS    `interactions` publishes data.letters
  0.5e    PASS    `interactions` publishes data.windows
  0.5f    PASS    and the stack is clear before we start (data.force_pause.count)
  0.6a    PASS    `advance` publishes data.reason
  0.6b    PASS    `advance` publishes data.ticks_elapsed
  0.6c    PASS    advance does NOT publish `data.ticks` (4.8g used to read it) (data.ticks)
  0.7a    PASS    `quests` publishes data.total
  0.7b    PASS    `quests` publishes data.counts
  0.7c    PASS    `quests` publishes data.counts.available
  0.7d    PASS    `quests` publishes data.counts.ongoing
  0.7e    PASS    `quests` publishes data.counts.ended
  0.7f    PASS    `quests` publishes data.counts.dismissed
  0.7g    PASS    `quests` publishes data.counts.with_outstanding_choice
  0.7h    PASS    `quests` publishes data.quests
  0.7i    PASS    `quests` publishes data.action
  0.7j    PASS    `quests` publishes data.action.journal_seq
  0.7k    PASS    and an observer stamps it null (present AND null, both proved) (data.action.journal_seq)
  0.8a    PASS    `trade` with no session refuses at gate no-session (data.gate)
  0.8b    PASS    `trade` publishes data.gate_cite
  0.8c    PASS    `comms-choose` with no call refuses at gate no-call (data.gate)
  0.8d    PASS    `comms-choose` publishes data.gate_cite
  0.9a    PASS    `dialog-dismiss` publishes data.ok
  0.9b    PASS    `dialog-dismiss` publishes data.dismissed
  0.9c    PASS    and it dismissed nothing (data.dismissed)
  0.10a   PASS    `pawns` publishes data.list
  0.10b   OK      precondition: at least one visible colonist
  0.10c   OK      precondition: a colonist capable of Social (the negotiator)
  negotiator N = 223 (Txabe)
  0.11    PASS    a refused `trade` carries NO totals block, so the PRESENCE half of the trade shape contract is deferred to 3.2i / 3.8a1 rather than dropped (data.totals)

==============================================================================
PHASE 5 — comms: the DiaNode walker runs headless, and the disabled gate holds
==============================================================================
  5.1a    PASS    comms-targets answered (ok)
  5.1b    PASS    the console is identified (data.console.id)
  5.1c    PASS    at least one comm target (data.targets)
  1 targets, 1 callable factions
  5.1d    PASS    the read mutated nothing (data.action.journal_seq)
  5.2     OK      precondition: a callable faction
  5.3a    PASS    comms-call opened a headless node tree (data.ok)
  5.3b    PASS    kind is node-tree (data.kind)
  5.3c    PASS    ZERO force-pausing windows — no Dialog_Negotiation was stacked (data.force_pause.count)
  5.3d    PASS    the negotiator did not walk, and the verb says so (data.negotiator_walked)
  5.3e    PASS    the root node has options (data.node.options)
  5.3f    PASS    journaled (data.action.journal_seq)
  options: Invite for a visit [DISABLED: currently not interested in visiting you] | Request orbital trader (cost: 32 goodwill) [DISABLED: must be ally] | (Debug) Goodwill +10 | (Debug) Goodwill -10 | Buy coordinates from the guild's catalog | Request a shuttle visit | (Disconnect)
  5.4a    PASS    a DISABLED comms option is refused (data.ok)
  5.4b    PASS    naming the gate (data.gate)
  5.4c    PASS    and citing the Widgets.ButtonText argument
  5.4d    PASS    with the game's OWN disabled reason surfaced (data.disabled_reason)
  5.4e    PASS    nothing journaled (data.action.journal_seq)
  5.5a    PASS    comms-choose walked to the linked node (data.ok)
  5.5b    PASS    and reports it went to a node (data.went_to_node)
  5.5c    PASS    the new node has its own options (data.now_showing.options)
  5.5d    PASS    still no window (data.force_pause.count)
  now showing: Invite for a visit | Request orbital trader (cost: 35 goodwill) | (Debug) Goodwill +10 | (Debug) Goodwill -10 | Buy coordinates from the guild's catalog | Request a shuttle visit | (Disconnect)
  5.6a    PASS    comms-hang-up ended the call (data.ok)
  5.6b    PASS    and says no window was removed, because the call was headless
  5.6c    PASS    choosing with no call open is refused, not an NRE (data.ok)
  5.6d    PASS    naming the gate (data.gate)
  5.7a    PASS    the stack is clear at the end of the phase
  5.7b    PASS    zero red errors across the whole comms phase (data.count)

==============================================================================
RESULT: all 63 checks passed
