722c951 + 40ed42f#3 acceptance — root /home/dorian/projects/rimworld/_RimWorld-Agent/config/unity3d/Ludeon Studios/RimWorld by Ludeon Studios/AutoRimmer

==============================================================================
PHASE 0 — the shapes every later phase digs into
==============================================================================
  0.a     OK      precondition: the bench is up and a colony is loaded
  0.b     OK      precondition: at least TWO standing free colonists
  0.1     PASS    `journal` still answers (ok)
  0.2     PASS    `journal` publishes data.read_watermark
  0.3     PASS    `journal` publishes data.watermark_was
  0.4     PASS    `journal` publishes data.watermark_moved
  0.5     PASS    `journal` publishes data.unread_after
  0.6     PASS    `journal` publishes data.filtered
  0.7     PASS    an unfiltered read is not marked filtered (data.filtered)
  0.8     NOTE    read_watermark=5 unread_after=10 truncated=True
  0.c     OK      precondition: the digest publishes time.tick
  0.9     PASS    a bounded advance runs (ok)
  0.10    PASS    `advance` publishes data.journal_read_watermark
  0.11    PASS    `advance` publishes data.journal_unread
  0.12    PASS    an advance that used no escape publishes no `unread_ok`
  0.13    PASS    …and no `escaped` block
  0.14    NOTE    baseline watermark 15; advance halted reason=ticks journal_unread=0
  0.d     OK      precondition: `journal-selftest --steps down-at` is available
  0.15    PASS    `journal-selftest` publishes data.down_at.fires_at_tick
  0.16    PASS    `journal-selftest` publishes data.down_at.pawn
  0.17    PASS    `journal-selftest` publishes data.down_at.player_faction
  0.18    PASS    the default victim is own-faction (data.down_at.player_faction)
  0.19    NOTE    down-at armed 600000 ticks out (effectively disarmed) on pawn 902

==============================================================================
PHASE 1 — two advances, no read between them: the second is REFUSED
==============================================================================
  1.0     NOTE    watermark cleared to 18
  1.a     OK      precondition: a letter can be queued for mid-advance arrival
  1.1     PASS    the first advance runs (nothing is owed yet) (ok)
  1.2     PASS    …and halts on the letter it was waiting for (data.reason)
  1.3     PASS    …having journaled a delta (journal_seq is a range)
  1.4     PASS    …and the envelope says the delta is unread (data.journal_unread)
  1.5     PASS    the SECOND advance is refused
  1.6     PASS    the refusal NAMES how many events are unread
  1.7     PASS    …and the seq range it is talking about
  1.8     PASS    …and the TYPE BREAKDOWN, which is the line that names a downing (error.detail)
  1.9     PASS    …and says what to do about it (error.detail)
  1.10    PASS    a refusal carries NO data block — no ticks ran
  1.11    PASS    a DIGEST does not discharge it
  1.12    NOTE    the advance's own journal_seq echo did not clear it either — 1.5 and 1.11 both followed an advance that published one
  1.13    PASS    `journal` moves the watermark (data.watermark_moved)
  1.14    PASS    …and clears the delta completely (data.unread_after)
  1.15    PASS    …to at least where the advance ended (data.read_watermark)
  1.16    PASS    AFTER the read, the same advance PROCEEDS (ok)
  1.17    FAIL    …on its own predicate, not on anything else (data.reason)
          expected: "condition"
          actual:   "ticks"

==============================================================================
PHASE 2 — the escape: explicit, reasoned, journaled, and not a mode
==============================================================================
  2.a     OK      precondition: a letter can be queued
  2.1     PASS    an unread delta exists to escape past (data.journal_unread)
  2.2     PASS    an EMPTY reason is bad-args
  2.3     PASS    a NON-STRING reason is bad-args
  2.4     PASS    a WHITESPACE reason is bad-args too
  2.5     PASS    `unread_ok` proceeds (ok)
  2.6     PASS    …and the envelope ECHOES the reason (data.unread_ok)
  2.7     PASS    `advance` publishes data.escaped.unread_journal
  2.8     PASS    …including the count it bypassed (data.escaped.unread_journal.unread)
  2.9     PASS    …and the type breakdown it bypassed (data.escaped.unread_journal.types)
  2.10    PASS    the escape is journaled as an `action`
  2.11    PASS    …carrying the reason verbatim
  2.12    PASS    …and naming WHAT it bypassed
  2.13    PASS    a fresh delta exists (data.journal_unread)
  2.14    PASS    a types-filtered read is MARKED filtered (data.filtered)
  2.15    PASS    …and leaves the rest unread (data.unread_after)
  2.16    PASS    …so the advance is still refused
  2.17    PASS    the escape gets past it once (ok)
  2.18    PASS    …and the NEXT advance is refused again — no mode was set

==============================================================================
PHASE 3 — an own-faction downing STOPS the advance where it happens
==============================================================================
  3.a     OK      precondition: a standing free colonist to down
  3.b     OK      precondition: the downing can be armed INSIDE an advance
  3.1     PASS    the fixture reports the victim as own-faction (data.down_at.player_faction)
  3.2     NOTE    armed: Lips (id 902) at tick 4777; the advance is bounded at 8377
  3.3     PASS    the advance succeeded (a halt is not a failure) (ok)
  3.4     PASS    …and HALTED ON THE CASUALTY (data.reason)
  3.5     PASS    …not on its own predicate (data.reason)
  3.6     PASS    `advance` publishes data.halted_on
  3.7     PASS    the halt names the KIND (data.halted_on.kind)
  3.8     PASS    …the EVENT class (data.halted_on.event)
  3.9     PASS    …the PAWN (data.halted_on.pawn)
  3.10    PASS    …the pawn's id, so the response is one `rescue` call away (data.halted_on.pawn_id)
  3.11    PASS    …that it was our faction (data.halted_on.player_faction)
  3.12    PASS    …what kind of pawn (data.halted_on.pawn_kind)
  3.13    PASS    …and the TICK it happened at (data.halted_on.tick)
  3.14    PASS    `advance` publishes data.halted_seq
  3.15    PASS    it stopped EARLY — the M1 shape, halted
  3.16    PASS    …at the downing, within one frame of it
  3.17    PASS    the casualty's own journal row now blocks the next advance
  3.18    PASS    …and the refusal names it by type (error.detail)
  3.19    NOTE    healed Lips: ok

==============================================================================
PHASE 4 — a HOSTILE downing does NOT stop it (the filter is FACTION)
==============================================================================
  4.a     OK      precondition: a hostile pawn can be spawned
  4.b     OK      precondition: the spawn reports the pawn's id
  4.c     OK      precondition: the hostile downing arms
  4.1     PASS    the fixture agrees the victim is NOT own-faction (data.down_at.player_faction)
  4.2     PASS    the advance succeeded (ok)
  4.3     PASS    it did NOT halt on the casualty
  4.4     PASS    …it ran on to its own predicate (data.reason)
  4.5     PASS    …covering the whole span, past the downing (data.ticks_elapsed)
  4.6     NOTE    hostile downed at ~4901; the advance ran 4439 ticks to its bound
  4.7     PASS    the hostile DID go down inside that advance
  4.8     PASS    …and the row says it was not ours (payload.player)

==============================================================================
PHASE 5 — `through_casualties` rides past it, per call, with a reason
==============================================================================
  5.a     OK      precondition: a standing free colonist to down
  5.b     OK      precondition: the downing arms
  5.1     PASS    the advance succeeded (ok)
  5.2     PASS    …and did NOT halt on the casualty
  5.3     PASS    …it ran to its own predicate (data.reason)
  5.4     PASS    the envelope echoes the reason (data.through_casualties)
  5.5     PASS    …and it is journaled as an act
  5.6     PASS    …carrying the through_casualties reason verbatim
  5.7     NOTE    healed Lips: ok

==============================================================================
PHASE 6 — 40ed42f part 3: the bleed clock against the rescue
==============================================================================
  6.a     OK      precondition: at least two standing free colonists
  6.b     OK      precondition: the victim can be downed and left bleeding
  6.1     NOTE    BloodLoss 0.00 -> verdict no-rescuer, clock 52631, margin None
  6.1     NOTE    BloodLoss 0.50 -> verdict no-rescuer, clock 26315, margin None
  6.c     SKIP    precondition NOT MET: `triage` reaches verdict `too-slow`
          the deadline refusal fires on that verdict and NOTHING ELSE — `no-rescuer`/`no-path`/`no-deadline` deliberately do not refuse, because no act clears them and refusing forever wedges the run (TriageVerbs.BleedoutDeadline's header). Reached 'no-rescuer' instead (clock 26315, margin None, rescuers 0). TWO known fixture gaps: on a bare --quicktest map there is NO BED anywhere, so TakeToBedGate answers `no-bed` for everyone and every verdict is `no-rescuer` — build or spawn a bed first; and on a map where every rescuer is a few cells away the clock cannot be driven below the walk without killing the patient — run this phase on a colony with some distance in it, or stage a rescuer far from the casualty.
          This is a FIXTURE gap, not a failure of the spec.
EXIT=2
